00:00 +0: loading /Users/umerwaqas/Downloads/umer_2026/palettelab/test/widget_test.dart
00:00 +0: Litur app loads
══╡ EXCEPTION CAUGHT BY WIDGETS LIBRARY ╞═══════════════════════════════════════════════════════════
The following assertion was thrown building PhoneShell(dirty, state: _PhoneShellState#5bcb2):
'package:flutter/src/widgets/container.dart': Failed assertion: line 271 pos 15: 'margin == null ||
margin.isNonNegative': is not true.

The relevant error-causing widget was:
  PhoneShell PhoneShell:file:///Users/umerwaqas/Downloads/umer_2026/palettelab/lib/main.dart:26:19

When the exception was thrown, this was the stack:
#2      new Container (package:flutter/src/widgets/container.dart:271:15)
#3      _PhoneShellState._buildCamTab (package:palettelab/main.dart:470:14)
#4      _PhoneShellState._buildTabBar (package:palettelab/main.dart:425:13)
#5      _PhoneShellState.build (package:palettelab/main.dart:374:35)
#6      StatefulElement.build (package:flutter/src/widgets/framework.dart:5931:27)
#7      ComponentElement.performRebuild (package:flutter/src/widgets/framework.dart:5817:15)
#8      StatefulElement.performRebuild (package:flutter/src/widgets/framework.dart:5982:11)
#9      Element.rebuild (package:flutter/src/widgets/framework.dart:5529:7)
#10     ComponentElement._firstBuild (package:flutter/src/widgets/framework.dart:5799:5)
#11     StatefulElement._firstBuild (package:flutter/src/widgets/framework.dart:5973:11)
#12     ComponentElement.mount (package:flutter/src/widgets/framework.dart:5793:5)
...     Normal element mounting (260 frames)
#272    Element.inflateWidget (package:flutter/src/widgets/framework.dart:4587:20)
#273    MultiChildRenderObjectElement.inflateWidget (package:flutter/src/widgets/framework.dart:7264:36)
#274    MultiChildRenderObjectElement.mount (package:flutter/src/widgets/framework.dart:7279:32)
...     Normal element mounting (456 frames)
#730    Element.inflateWidget (package:flutter/src/widgets/framework.dart:4587:20)
#731    Element.updateChild (package:flutter/src/widgets/framework.dart:4053:20)
#732    ComponentElement.performRebuild (package:flutter/src/widgets/framework.dart:5841:16)
#733    Element.rebuild (package:flutter/src/widgets/framework.dart:5529:7)
#734    ProxyElement.update (package:flutter/src/widgets/framework.dart:6149:5)
#735    _InheritedNotifierElement.update (package:flutter/src/widgets/inherited_notifier.dart:108:11)
#736    Element.updateChild (package:flutter/src/widgets/framework.dart:4037:15)
#737    ComponentElement.performRebuild (package:flutter/src/widgets/framework.dart:5841:16)
#738    StatefulElement.performRebuild (package:flutter/src/widgets/framework.dart:5982:11)
#739    Element.rebuild (package:flutter/src/widgets/framework.dart:5529:7)
#740    StatefulElement.update (package:flutter/src/widgets/framework.dart:6007:5)
#741    Element.updateChild (package:flutter/src/widgets/framework.dart:4037:15)
#742    ComponentElement.performRebuild (package:flutter/src/widgets/framework.dart:5841:16)
#743    Element.rebuild (package:flutter/src/widgets/framework.dart:5529:7)
#744    ProxyElement.update (package:flutter/src/widgets/framework.dart:6149:5)
#745    _InheritedNotifierElement.update (package:flutter/src/widgets/inherited_notifier.dart:108:11)
#746    Element.updateChild (package:flutter/src/widgets/framework.dart:4037:15)
#747    ComponentElement.performRebuild (package:flutter/src/widgets/framework.dart:5841:16)
#748    StatefulElement.performRebuild (package:flutter/src/widgets/framework.dart:5982:11)
#749    Element.rebuild (package:flutter/src/widgets/framework.dart:5529:7)
#750    StatefulElement.update (package:flutter/src/widgets/framework.dart:6007:5)
#751    Element.updateChild (package:flutter/src/widgets/framework.dart:4037:15)
#752    ComponentElement.performRebuild (package:flutter/src/widgets/framework.dart:5841:16)
#753    StatefulElement.performRebuild (package:flutter/src/widgets/framework.dart:5982:11)
#754    Element.rebuild (package:flutter/src/widgets/framework.dart:5529:7)
#755    StatefulElement.update (package:flutter/src/widgets/framework.dart:6007:5)
#756    Element.updateChild (package:flutter/src/widgets/framework.dart:4037:15)
#757    ComponentElement.performRebuild (package:flutter/src/widgets/framework.dart:5841:16)
#758    Element.rebuild (package:flutter/src/widgets/framework.dart:5529:7)
#759    ProxyElement.update (package:flutter/src/widgets/framework.dart:6149:5)
#760    Element.updateChild (package:flutter/src/widgets/framework.dart:4037:15)
#761    ComponentElement.performRebuild (package:flutter/src/widgets/framework.dart:5841:16)
#762    StatefulElement.performRebuild (package:flutter/src/widgets/framework.dart:5982:11)
#763    Element.rebuild (package:flutter/src/widgets/framework.dart:5529:7)
#764    StatefulElement.update (package:flutter/src/widgets/framework.dart:6007:5)
#765    Element.updateChild (package:flutter/src/widgets/framework.dart:4037:15)
#766    ComponentElement.performRebuild (package:flutter/src/widgets/framework.dart:5841:16)
#767    Element.rebuild (package:flutter/src/widgets/framework.dart:5529:7)
#768    ProxyElement.update (package:flutter/src/widgets/framework.dart:6149:5)
#769    Element.updateChild (package:flutter/src/widgets/framework.dart:4037:15)
#770    ComponentElement.performRebuild (package:flutter/src/widgets/framework.dart:5841:16)
#771    Element.rebuild (package:flutter/src/widgets/framework.dart:5529:7)
#772    ProxyElement.update (package:flutter/src/widgets/framework.dart:6149:5)
#773    Element.updateChild (package:flutter/src/widgets/framework.dart:4037:15)
#774    _RawViewElement._updateChild (package:flutter/src/widgets/view.dart:481:16)
#775    _RawViewElement.update (package:flutter/src/widgets/view.dart:568:5)
#776    Element.updateChild (package:flutter/src/widgets/framework.dart:4037:15)
#777    ComponentElement.performRebuild (package:flutter/src/widgets/framework.dart:5841:16)
#778    Element.rebuild (package:flutter/src/widgets/framework.dart:5529:7)
#779    StatelessElement.update (package:flutter/src/widgets/framework.dart:5895:5)
#780    Element.updateChild (package:flutter/src/widgets/framework.dart:4037:15)
#781    ComponentElement.performRebuild (package:flutter/src/widgets/framework.dart:5841:16)
#782    StatefulElement.performRebuild (package:flutter/src/widgets/framework.dart:5982:11)
#783    Element.rebuild (package:flutter/src/widgets/framework.dart:5529:7)
#784    StatefulElement.update (package:flutter/src/widgets/framework.dart:6007:5)
#785    Element.updateChild (package:flutter/src/widgets/framework.dart:4037:15)
#786    RootElement._rebuild (package:flutter/src/widgets/binding.dart:1822:16)
#787    RootElement.update (package:flutter/src/widgets/binding.dart:1800:5)
#788    RootElement.performRebuild (package:flutter/src/widgets/binding.dart:1814:7)
#789    Element.rebuild (package:flutter/src/widgets/framework.dart:5529:7)
#790    BuildScope._tryRebuild (package:flutter/src/widgets/framework.dart:2750:15)
#791    BuildScope._flushDirtyElements (package:flutter/src/widgets/framework.dart:2807:11)
#792    BuildOwner.buildScope (package:flutter/src/widgets/framework.dart:3111:18)
#793    AutomatedTestWidgetsFlutterBinding.drawFrame (package:flutter_test/src/binding.dart:2131:19)
#794    RendererBinding._handlePersistentFrameCallback (package:flutter/src/rendering/binding.dart:495:5)
#795    SchedulerBinding._invokeFrameCallback (package:flutter/src/scheduler/binding.dart:1430:15)
#796    SchedulerBinding.handleDrawFrame (package:flutter/src/scheduler/binding.dart:1345:9)
#797    AutomatedTestWidgetsFlutterBinding.pump.<anonymous closure> (package:flutter_test/src/binding.dart:1960:9)
#800    TestAsyncUtils.guard (package:flutter_test/src/test_async_utils.dart:74:41)
#801    AutomatedTestWidgetsFlutterBinding.pump (package:flutter_test/src/binding.dart:1949:27)
#802    WidgetTester.pumpWidget.<anonymous closure> (package:flutter_test/src/widget_tester.dart:598:22)
#805    TestAsyncUtils.guard (package:flutter_test/src/test_async_utils.dart:74:41)
#806    WidgetTester.pumpWidget (package:flutter_test/src/widget_tester.dart:595:27)
#807    main.<anonymous closure> (file:///Users/umerwaqas/Downloads/umer_2026/palettelab/test/widget_test.dart:6:18)
#808    testWidgets.<anonymous closure>.<anonymous closure> (package:flutter_test/src/widget_tester.dart:192:29)
<asynchronous suspension>
#809    TestWidgetsFlutterBinding._runTestBody (package:flutter_test/src/binding.dart:1682:5)
<asynchronous suspension>
<asynchronous suspension>
(elided 7 frames from class _AssertionError, dart:async, and package:stack_trace)

════════════════════════════════════════════════════════════════════════════════════════════════════
══╡ EXCEPTION CAUGHT BY FLUTTER TEST FRAMEWORK ╞════════════════════════════════════════════════════
The following TestFailure was thrown running a test:
Expected: exactly one matching candidate
  Actual: _TextWidgetFinder:<Found 0 widgets with text "Colors": []>
   Which: means none were found but one was expected

When the exception was thrown, this was the stack:
#4      main.<anonymous closure> (file:///Users/umerwaqas/Downloads/umer_2026/palettelab/test/widget_test.dart:7:5)
<asynchronous suspension>
#5      testWidgets.<anonymous closure>.<anonymous closure> (package:flutter_test/src/widget_tester.dart:192:15)
<asynchronous suspension>
#6      TestWidgetsFlutterBinding._runTestBody (package:flutter_test/src/binding.dart:1682:5)
<asynchronous suspension>
<asynchronous suspension>
(elided one frame from package:stack_trace)

This was caught by the test expectation on the following line:
  file:///Users/umerwaqas/Downloads/umer_2026/palettelab/test/widget_test.dart line 7
The test description was:
  Litur app loads
════════════════════════════════════════════════════════════════════════════════════════════════════
══╡ EXCEPTION CAUGHT BY FLUTTER TEST FRAMEWORK ╞════════════════════════════════════════════════════
The following message was thrown:
Multiple exceptions (2) were detected during the running of the current test, and at least one was
unexpected.
════════════════════════════════════════════════════════════════════════════════════════════════════
00:00 +0 -1: Litur app loads [E]
  Test failed. See exception logs above.
  The test description was: Litur app loads
  
00:00 +0 -1: Some tests failed.
